ds4: Linux rocm backend set oom_score_adj=1000
ds4: iogpu.wired_limit_mb is 0 -- TP expert shard will page lazily; raise it (e.g. sudo sysctl iogpu.wired_limit_mb=120000) for full residency
ds4: ROCm backend initialized on Radeon 8060S Graphics (sm_115)
ds4: TP expert shard (rank 0): mapping 219 spans, 76.73 GiB of 145.26 GiB
ds4: ROCm chunk-copying 0.54 GiB model image
ds4: ROCm loading model tensors into device cache
ds4: ROCm model chunk copy complete in 0.148s (0.54 GiB tensors)
ds4: ROCm chunk-copying 0.53 GiB model image
ds4: ROCm model chunk copy complete in 0.105s (0.53 GiB tensors)
ds4: ROCm chunk-copying 0.53 GiB model image
ds4: ROCm model chunk copy complete in 0.107s (0.53 GiB tensors)
ds4: ROCm chunk-copying 0.53 GiB model image
ds4: ROCm model chunk copy complete in 0.106s (0.53 GiB tensors)
ds4: ROCm chunk-copying 0.53 GiB model image
ds4: ROCm model chunk copy complete in 0.106s (0.53 GiB tensors)
ds4: ROCm chunk-copying 0.53 GiB model image
ds4: ROCm model chunk copy complete in 0.107s (0.53 GiB tensors)
ds4: ROCm chunk-copying 0.53 GiB model image
ds4: ROCm model chunk copy complete in 0.105s (0.53 GiB tensors)
ds4: ROCm chunk-copying 0.53 GiB model image
ds4: ROCm model chunk copy complete in 0.105s (0.53 GiB tensors)
ds4: ROCm chunk-copying 0.53 GiB model image
ds4: ROCm model chunk copy complete in 0.106s (0.53 GiB tensors)
ds4: ROCm chunk-copying 0.53 GiB model image
ds4: ROCm model chunk copy complete in 0.107s (0.53 GiB tensors)
ds4: ROCm chunk-copying 0.53 GiB model image
ds4: ROCm model chunk copy complete in 0.107s (0.53 GiB tensors)
ds4: ROCm chunk-copying 0.53 GiB model image
ds4: ROCm model chunk copy complete in 0.106s (0.53 GiB tensors)
ds4: ROCm chunk-copying 0.53 GiB model image
ds4: ROCm model chunk copy complete in 0.106s (0.53 GiB tensors)
ds4: ROCm chunk-copying 0.53 GiB model image
ds4: ROCm model chunk copy complete in 0.106s (0.53 GiB tensors)
ds4: ROCm chunk-copying 0.53 GiB model image
ds4: ROCm model chunk copy complete in 0.107s (0.53 GiB tensors)
ds4: ROCm chunk-copying 0.53 GiB model image
ds4: ROCm model chunk copy complete in 0.107s (0.53 GiB tensors)
ds4: ROCm chunk-copying 0.53 GiB model image
ds4: ROCm model chunk copy complete in 0.108s (0.53 GiB tensors)
ds4: ROCm chunk-copying 0.53 GiB model image
ds4: ROCm model chunk copy complete in 0.107s (0.53 GiB tensors)
ds4: ROCm chunk-copying 0.53 GiB model image
ds4: ROCm model chunk copy complete in 0.107s (0.53 GiB tensors)
ds4: ROCm chunk-copying 0.53 GiB model image
ds4: ROCm model chunk copy complete in 0.106s (0.53 GiB tensors)
ds4: ROCm chunk-copying 0.53 GiB model image
ds4: ROCm model chunk copy complete in 0.106s (0.53 GiB tensors)
ds4: ROCm chunk-copying 0.53 GiB model image
ds4: ROCm model chunk copy complete in 0.107s (0.53 GiB tensors)
ds4: ROCm chunk-copying 0.53 GiB model image
ds4: ROCm model chunk copy complete in 0.107s (0.53 GiB tensors)
ds4: ROCm chunk-copying 0.53 GiB model image
ds4: ROCm model chunk copy complete in 0.108s (0.53 GiB tensors)
ds4: ROCm chunk-copying 0.53 GiB model image
ds4: ROCm model chunk copy complete in 0.106s (0.53 GiB tensors)
ds4: ROCm chunk-copying 0.53 GiB model image
ds4: ROCm model chunk copy complete in 0.107s (0.53 GiB tensors)
ds4: ROCm chunk-copying 0.53 GiB model image
ds4: ROCm model chunk copy complete in 0.106s (0.53 GiB tensors)
ds4: ROCm chunk-copying 0.53 GiB model image
ds4: ROCm model chunk copy complete in 0.107s (0.53 GiB tensors)
ds4: ROCm chunk-copying 0.53 GiB model image
ds4: ROCm model chunk copy complete in 0.105s (0.53 GiB tensors)
ds4: ROCm chunk-copying 0.53 GiB model image
ds4: ROCm model chunk copy complete in 0.107s (0.53 GiB tensors)
ds4: ROCm chunk-copying 0.53 GiB model image
ds4: ROCm model chunk copy complete in 0.106s (0.53 GiB tensors)
ds4: ROCm chunk-copying 0.53 GiB model image
ds4: ROCm model chunk copy complete in 0.106s (0.53 GiB tensors)
ds4: ROCm chunk-copying 0.53 GiB model image
ds4: ROCm model chunk copy complete in 0.108s (0.53 GiB tensors)
ds4: ROCm chunk-copying 0.53 GiB model image
ds4: ROCm model chunk copy complete in 0.105s (0.53 GiB tensors)
ds4: ROCm chunk-copying 0.53 GiB model image
ds4: ROCm model chunk copy complete in 0.107s (0.53 GiB tensors)
ds4: ROCm chunk-copying 0.53 GiB model image
ds4: ROCm model chunk copy complete in 0.108s (0.53 GiB tensors)
ds4: ROCm chunk-copying 0.53 GiB model image
ds4: ROCm model chunk copy complete in 0.107s (0.53 GiB tensors)
ds4: ROCm chunk-copying 0.53 GiB model image
ds4: ROCm model chunk copy complete in 0.106s (0.53 GiB tensors)
ds4: ROCm chunk-copying 0.53 GiB model image
ds4: ROCm model chunk copy complete in 0.107s (0.53 GiB tensors)
ds4: ROCm chunk-copying 0.53 GiB model image
ds4: ROCm model chunk copy complete in 0.105s (0.53 GiB tensors)
ds4: ROCm chunk-copying 0.53 GiB model image
ds4: ROCm model chunk copy complete in 0.107s (0.53 GiB tensors)
ds4: ROCm chunk-copying 0.53 GiB model image
ds4: ROCm model chunk copy complete in 0.107s (0.53 GiB tensors)
ds4: ROCm chunk-copying 0.53 GiB model image
ds4: ROCm model chunk copy complete in 0.105s (0.53 GiB tensors)
ds4: ROCm chunk-copying 0.53 GiB model image
ds4: ROCm model chunk copy complete in 0.107s (0.53 GiB tensors)
ds4: ROCm chunk-copying 0.53 GiB model image
ds4: ROCm model chunk copy complete in 0.108s (0.53 GiB tensors)
ds4: ROCm chunk-copying 0.53 GiB model image
ds4: ROCm model chunk copy complete in 0.106s (0.53 GiB tensors)
ds4: ROCm chunk-copying 0.53 GiB model image
ds4: ROCm model chunk copy complete in 0.107s (0.53 GiB tensors)
ds4: ROCm chunk-copying 0.53 GiB model image
ds4: ROCm model chunk copy complete in 0.106s (0.53 GiB tensors)
ds4: ROCm chunk-copying 0.53 GiB model image
ds4: ROCm model chunk copy complete in 0.105s (0.53 GiB tensors)
ds4: ROCm chunk-copying 0.53 GiB model image
ds4: ROCm model chunk copy complete in 0.107s (0.53 GiB tensors)
ds4: ROCm chunk-copying 0.53 GiB model image
ds4: ROCm model chunk copy complete in 0.108s (0.53 GiB tensors)
ds4: ROCm chunk-copying 0.53 GiB model image
ds4: ROCm model chunk copy complete in 0.109s (0.53 GiB tensors)
ds4: ROCm chunk-copying 0.53 GiB model image
ds4: ROCm model chunk copy complete in 0.110s (0.53 GiB tensors)
ds4: ROCm chunk-copying 0.53 GiB model image
ds4: ROCm model chunk copy complete in 0.111s (0.53 GiB tensors)
ds4: ROCm chunk-copying 0.53 GiB model image
ds4: ROCm model chunk copy complete in 0.109s (0.53 GiB tensors)
ds4: ROCm chunk-copying 0.53 GiB model image
ds4: ROCm model chunk copy complete in 0.109s (0.53 GiB tensors)
ds4: ROCm chunk-copying 0.53 GiB model image
ds4: ROCm model chunk copy complete in 0.111s (0.53 GiB tensors)
ds4: ROCm chunk-copying 0.53 GiB model image
ds4: ROCm model chunk copy complete in 0.109s (0.53 GiB tensors)
ds4: ROCm chunk-copying 0.53 GiB model image
ds4: ROCm model chunk copy complete in 0.111s (0.53 GiB tensors)
ds4: ROCm chunk-copying 0.53 GiB model image
ds4: ROCm model chunk copy complete in 0.110s (0.53 GiB tensors)
ds4: ROCm chunk-copying 0.53 GiB model image
ds4: ROCm model chunk copy complete in 0.109s (0.53 GiB tensors)
ds4: ROCm chunk-copying 0.53 GiB model image
ds4: ROCm model chunk copy complete in 0.111s (0.53 GiB tensors)
ds4: ROCm chunk-copying 0.53 GiB model image
ds4: ROCm model chunk copy complete in 0.111s (0.53 GiB tensors)
ds4: ROCm chunk-copying 0.53 GiB model image
ds4: ROCm model chunk copy complete in 0.109s (0.53 GiB tensors)
ds4: ROCm chunk-copying 0.53 GiB model image
ds4: ROCm model chunk copy complete in 0.111s (0.53 GiB tensors)
ds4: ROCm chunk-copying 0.53 GiB model image
ds4: ROCm model chunk copy complete in 0.109s (0.53 GiB tensors)
ds4: ROCm chunk-copying 0.53 GiB model image
ds4: ROCm model chunk copy complete in 0.109s (0.53 GiB tensors)
ds4: ROCm chunk-copying 0.53 GiB model image
ds4: ROCm model chunk copy complete in 0.111s (0.53 GiB tensors)
ds4: ROCm chunk-copying 0.53 GiB model image
ds4: ROCm model chunk copy complete in 0.110s (0.53 GiB tensors)
ds4: ROCm chunk-copying 0.53 GiB model image
ds4: ROCm model chunk copy complete in 0.111s (0.53 GiB tensors)
ds4: ROCm chunk-copying 0.53 GiB model image
ds4: ROCm model chunk copy complete in 0.110s (0.53 GiB tensors)
ds4: ROCm chunk-copying 0.53 GiB model image
ds4: ROCm model chunk copy complete in 0.111s (0.53 GiB tensors)
ds4: ROCm chunk-copying 0.53 GiB model image
ds4: ROCm model chunk copy complete in 0.109s (0.53 GiB tensors)
ds4: ROCm chunk-copying 0.53 GiB model image
ds4: ROCm model chunk copy complete in 0.111s (0.53 GiB tensors)
ds4: ROCm chunk-copying 0.53 GiB model image
ds4: ROCm model chunk copy complete in 0.111s (0.53 GiB tensors)
ds4: ROCm chunk-copying 0.53 GiB model image
ds4: ROCm model chunk copy complete in 0.109s (0.53 GiB tensors)
ds4: ROCm chunk-copying 0.53 GiB model image
ds4: ROCm model chunk copy complete in 0.109s (0.53 GiB tensors)
ds4: ROCm chunk-copying 0.53 GiB model image
ds4: ROCm model chunk copy complete in 0.111s (0.53 GiB tensors)
ds4: ROCm chunk-copying 0.53 GiB model image
ds4: ROCm model chunk copy complete in 0.110s (0.53 GiB tensors)
ds4: ROCm chunk-copying 0.53 GiB model image
ds4: ROCm model chunk copy complete in 0.110s (0.53 GiB tensors)
ds4: ROCm chunk-copying 0.53 GiB model image
ds4: ROCm model chunk copy complete in 0.123s (0.53 GiB tensors)
ds4: ROCm chunk-copying 0.53 GiB model image
ds4: ROCm model chunk copy complete in 0.114s (0.53 GiB tensors)
ds4: ROCm chunk-copying 0.53 GiB model image
ds4: ROCm model chunk copy complete in 0.111s (0.53 GiB tensors)
ds4: ROCm chunk-copying 0.53 GiB model image
ds4: ROCm model chunk copy complete in 0.113s (0.53 GiB tensors)
ds4: ROCm chunk-copying 0.53 GiB model image
ds4: ROCm model chunk copy complete in 0.111s (0.53 GiB tensors)
ds4: ROCm chunk-copying 0.53 GiB model image
ds4: ROCm model chunk copy complete in 0.111s (0.53 GiB tensors)
ds4: ROCm chunk-copying 0.53 GiB model image
ds4: ROCm model chunk copy complete in 0.110s (0.53 GiB tensors)
ds4: ROCm chunk-copying 0.53 GiB model image
ds4: ROCm model chunk copy complete in 0.111s (0.53 GiB tensors)
ds4: ROCm chunk-copying 0.53 GiB model image
ds4: ROCm model chunk copy complete in 0.111s (0.53 GiB tensors)
ds4: ROCm chunk-copying 0.53 GiB model image
ds4: ROCm model chunk copy complete in 0.109s (0.53 GiB tensors)
ds4: ROCm chunk-copying 0.53 GiB model image
ds4: ROCm model chunk copy complete in 0.110s (0.53 GiB tensors)
ds4: ROCm chunk-copying 0.53 GiB model image
ds4: ROCm model chunk copy complete in 0.111s (0.53 GiB tensors)
ds4: ROCm chunk-copying 0.53 GiB model image
ds4: ROCm loading model tensors 0.25 GiB cached
ds4: ROCm model chunk copy complete in 0.111s (0.53 GiB tensors)
ds4: ROCm chunk-copying 0.53 GiB model image
ds4: ROCm model chunk copy complete in 0.112s (0.53 GiB tensors)
ds4: ROCm chunk-copying 0.53 GiB model image
ds4: ROCm model chunk copy complete in 0.111s (0.53 GiB tensors)
ds4: ROCm chunk-copying 0.53 GiB model image
ds4: ROCm model chunk copy complete in 0.112s (0.53 GiB tensors)
ds4: ROCm chunk-copying 0.53 GiB model image
ds4: ROCm model chunk copy complete in 0.111s (0.53 GiB tensors)
ds4: ROCm chunk-copying 0.53 GiB model image
ds4: ROCm model chunk copy complete in 0.112s (0.53 GiB tensors)
ds4: ROCm chunk-copying 0.53 GiB model image
ds4: ROCm model chunk copy complete in 0.113s (0.53 GiB tensors)
ds4: ROCm chunk-copying 0.53 GiB model image
ds4: ROCm model chunk copy complete in 0.110s (0.53 GiB tensors)
ds4: ROCm chunk-copying 0.53 GiB model image
ds4: ROCm model chunk copy complete in 0.112s (0.53 GiB tensors)
ds4: ROCm chunk-copying 0.53 GiB model image
ds4: ROCm model chunk copy complete in 0.111s (0.53 GiB tensors)
ds4: ROCm chunk-copying 0.53 GiB model image
ds4: ROCm model chunk copy complete in 0.112s (0.53 GiB tensors)
ds4: ROCm chunk-copying 0.53 GiB model image
ds4: ROCm model chunk copy complete in 0.111s (0.53 GiB tensors)
ds4: ROCm chunk-copying 0.53 GiB model image
ds4: ROCm model chunk copy complete in 0.111s (0.53 GiB tensors)
ds4: ROCm chunk-copying 0.53 GiB model image
ds4: ROCm model chunk copy complete in 0.110s (0.53 GiB tensors)
ds4: ROCm chunk-copying 0.53 GiB model image
ds4: ROCm model chunk copy complete in 0.113s (0.53 GiB tensors)
ds4: ROCm chunk-copying 0.53 GiB model image
ds4: ROCm model chunk copy complete in 0.112s (0.53 GiB tensors)
ds4: ROCm chunk-copying 0.53 GiB model image
ds4: ROCm model chunk copy complete in 0.110s (0.53 GiB tensors)
ds4: ROCm chunk-copying 0.53 GiB model image
ds4: ROCm model chunk copy complete in 0.111s (0.53 GiB tensors)
ds4: ROCm chunk-copying 0.53 GiB model image
ds4: ROCm model chunk copy complete in 0.112s (0.53 GiB tensors)
ds4: ROCm chunk-copying 0.53 GiB model image
ds4: ROCm model chunk copy complete in 0.110s (0.53 GiB tensors)
ds4: ROCm chunk-copying 0.53 GiB model image
ds4: ROCm model chunk copy complete in 0.111s (0.53 GiB tensors)
ds4: ROCm chunk-copying 0.53 GiB model image
ds4: ROCm model chunk copy complete in 0.111s (0.53 GiB tensors)
ds4: ROCm chunk-copying 0.53 GiB model image
ds4: ROCm model chunk copy complete in 0.112s (0.53 GiB tensors)
ds4: ROCm chunk-copying 0.53 GiB model image
ds4: ROCm model chunk copy complete in 0.111s (0.53 GiB tensors)
ds4: ROCm chunk-copying 0.53 GiB model image
ds4: ROCm model chunk copy complete in 0.112s (0.53 GiB tensors)
ds4: ROCm chunk-copying 0.53 GiB model image
ds4: ROCm model chunk copy complete in 0.112s (0.53 GiB tensors)
ds4: ROCm chunk-copying 0.53 GiB model image
ds4: ROCm model chunk copy complete in 0.111s (0.53 GiB tensors)
ds4: ROCm chunk-copying 0.53 GiB model image
ds4: ROCm model chunk copy complete in 0.111s (0.53 GiB tensors)
ds4: ROCm chunk-copying 0.53 GiB model image
ds4: ROCm model chunk copy complete in 0.112s (0.53 GiB tensors)
ds4: ROCm chunk-copying 0.53 GiB model image
ds4: ROCm model chunk copy complete in 0.110s (0.53 GiB tensors)
ds4: ROCm chunk-copying 0.53 GiB model image
ds4: ROCm model chunk copy complete in 0.112s (0.53 GiB tensors)
ds4: ROCm chunk-copying 0.53 GiB model image
ds4: ROCm model chunk copy complete in 0.111s (0.53 GiB tensors)
ds4: ROCm chunk-copying 0.53 GiB model image
ds4: ROCm model chunk copy complete in 0.112s (0.53 GiB tensors)
ds4: ROCm chunk-copying 0.53 GiB model image
ds4: ROCm model chunk copy complete in 0.110s (0.53 GiB tensors)
ds4: ROCm chunk-copying 0.53 GiB model image
ds4: ROCm model chunk copy complete in 0.111s (0.53 GiB tensors)
ds4: ROCm chunk-copying 0.53 GiB model image
ds4: ROCm model chunk copy complete in 0.110s (0.53 GiB tensors)
ds4: ROCm chunk-copying 0.53 GiB model image
ds4: ROCm model chunk copy complete in 0.112s (0.53 GiB tensors)
ds4: ROCm chunk-copying 8.19 GiB model image
ds4: ROCm model chunk copy complete in 1.670s (8.19 GiB tensors)
ds4: warming sharded tensor pages (rank 0): 76.73 of 145.26 GiB
ds4: sharded warm done in 12.4s (checksum=2387568774)
ds4: ROCm preparing model tensor mappings
ds4: ROCm startup model preparation covered 8.20 GiB of tensor spans in 1.218s
ds4: rocm backend initialized for graph diagnostics
ds4: memory: KV 0.46 GiB (raw 0.36 + compressed 0.11) + buffers 0.06 GiB + resident model 76.73 GiB = 77.25 GiB planned
ds4: memory detail: ctx=8192 prefill_cap=4096 raw_kv_rows=4352 compressed_kv_rows=2050 backend=rocm
ds4-tp: waiting for worker on 10.99.0.2:5601 ...
ds4-tp: worker connected, transport=nhi
tensor parallelism bound: rank 0, 50/50 expert split, nhi transportds4: memory: KV 0.46 GiB (raw 0.36 + compressed 0.11) + buffers 0.06 GiB = 0.53 GiB context
ds4: memory detail: ctx=8192 prefill_cap=4096 raw_kv_rows=4352 compressed_kv_rows=2050 backend=rocm
ds4: TP decode failed layer=0 pos=0 stage=shared_down rank=0
ds4: prompt processing failed: tp: worker prefill sync failed (session 1, status 1)
ds4: tp: worker failed during session destroy
ds4: TP NHI stats /run/ds4-tbstream/device: flags=0x1a TX_IMPORTED RX_IMPORTED failures=0 event_drops=0 crc=0 overrun=0 tx=8/8 rx=4104/9
