make -B ds4 ds4-server ds4-bench ds4-eval ds4-agent \
	CORE_OBJS="ds4.o ds4_distributed.o ds4_dist_v3.o ds4_transport.o ds4_transport_nhi.o ds4_tp.o ds4_tp_nhi.o ds4_ssd.o ds4_rocm.o ds4_rocm_compat.o ds4_rocm_unavailable.o ds4_layer_pack.o" \
	CFLAGS="-O3 -ffast-math -g -march=native -Wall -Wextra -std=c99 -D_GNU_SOURCE -fno-finite-math-only -fPIC -DDS4_ROCM_BUILD" \
	DS4_LINK="/opt/rocm-therock/bin/hipcc -O3 -ffast-math -g -fno-finite-math-only -pthread -D__HIP_PLATFORM_AMD__ -Wno-unused-command-line-argument --offload-arch=gfx1151" \
	DS4_LINK_LIBS="-lm -pthread -lhipblas -lhipblaslt"
make[1]: Entering directory '/home/jryates/ds4-stage3-build'
cc -O3 -ffast-math -g -march=native -Wall -Wextra -std=c99 -D_GNU_SOURCE -fno-finite-math-only -fPIC -DDS4_ROCM_BUILD -c -o ds4_cli.o ds4_cli.c
cc -O3 -ffast-math -g -march=native -Wall -Wextra -std=c99 -D_GNU_SOURCE -fno-finite-math-only -fPIC -DDS4_ROCM_BUILD -c -o ds4_help.o ds4_help.c
cc -O3 -ffast-math -g -march=native -Wall -Wextra -std=c99 -D_GNU_SOURCE -fno-finite-math-only -fPIC -DDS4_ROCM_BUILD -c -o linenoise.o linenoise.c
cc -O3 -ffast-math -g -march=native -Wall -Wextra -std=c99 -D_GNU_SOURCE -fno-finite-math-only -fPIC -DDS4_ROCM_BUILD -c -o ds4_gpu_args.o ds4_gpu_args.c
cc -O3 -ffast-math -g -march=native -Wall -Wextra -std=c99 -D_GNU_SOURCE -fno-finite-math-only -fPIC -DDS4_ROCM_BUILD -c -o ds4.o ds4.c
cc -O3 -ffast-math -g -march=native -Wall -Wextra -std=c99 -D_GNU_SOURCE -fno-finite-math-only -fPIC -DDS4_ROCM_BUILD -c -o ds4_distributed.o ds4_distributed.c
cc -O3 -ffast-math -g -march=native -Wall -Wextra -std=c99 -D_GNU_SOURCE -fno-finite-math-only -fPIC -DDS4_ROCM_BUILD -c -o ds4_dist_v3.o ds4_dist_v3.c
cc -O3 -ffast-math -g -march=native -Wall -Wextra -std=c99 -D_GNU_SOURCE -fno-finite-math-only -fPIC -DDS4_ROCM_BUILD -c -o ds4_transport.o ds4_transport.c
cc -O3 -ffast-math -g -march=native -Wall -Wextra -std=c99 -D_GNU_SOURCE -fno-finite-math-only -fPIC -DDS4_ROCM_BUILD -c -o ds4_transport_nhi.o ds4_transport_nhi.c
cc -O3 -ffast-math -g -march=native -Wall -Wextra -std=c99 -D_GNU_SOURCE -fno-finite-math-only -fPIC -DDS4_ROCM_BUILD -c -o ds4_tp.o ds4_tp.c
cc -O3 -ffast-math -g -march=native -Wall -Wextra -std=c99 -D_GNU_SOURCE -fno-finite-math-only -fPIC -DDS4_ROCM_BUILD -c -o ds4_tp_nhi.o ds4_tp_nhi.c
cc -O3 -ffast-math -g -march=native -Wall -Wextra -std=c99 -D_GNU_SOURCE -fno-finite-math-only -fPIC -DDS4_ROCM_BUILD -c -o ds4_ssd.o ds4_ssd.c
/opt/rocm-therock/bin/hipcc -O3 -ffast-math -g -fno-finite-math-only -pthread -D__HIP_PLATFORM_AMD__ -Wno-unused-command-line-argument --offload-arch=gfx1151 -c -o ds4_rocm.o ds4_rocm.cu
/opt/rocm-therock/bin/hipcc -O3 -ffast-math -g -fno-finite-math-only -pthread -D__HIP_PLATFORM_AMD__ -Wno-unused-command-line-argument --offload-arch=gfx1151 -c -o ds4_rocm_compat.o ds4_rocm_compat.cu
/opt/rocm-therock/bin/hipcc -O3 -ffast-math -g -fno-finite-math-only -pthread -D__HIP_PLATFORM_AMD__ -Wno-unused-command-line-argument --offload-arch=gfx1151 -c -o ds4_rocm_unavailable.o ds4_rocm_unavailable.cu
cc -O3 -ffast-math -g -march=native -Wall -Wextra -std=c99 -D_GNU_SOURCE -fno-finite-math-only -fPIC -DDS4_ROCM_BUILD   -c -o ds4_layer_pack.o ds4_layer_pack.c
/opt/rocm-therock/bin/hipcc -O3 -ffast-math -g -fno-finite-math-only -pthread -D__HIP_PLATFORM_AMD__ -Wno-unused-command-line-argument --offload-arch=gfx1151 -o ds4 ds4_cli.o ds4_help.o linenoise.o ds4_gpu_args.o ds4.o ds4_distributed.o ds4_dist_v3.o ds4_transport.o ds4_transport_nhi.o ds4_tp.o ds4_tp_nhi.o ds4_ssd.o ds4_rocm.o ds4_rocm_compat.o ds4_rocm_unavailable.o ds4_layer_pack.o -lm -pthread -lhipblas -lhipblaslt
cc -O3 -ffast-math -g -march=native -Wall -Wextra -std=c99 -D_GNU_SOURCE -fno-finite-math-only -fPIC -DDS4_ROCM_BUILD -c -o ds4_server.o ds4_server.c
cc -O3 -ffast-math -g -march=native -Wall -Wextra -std=c99 -D_GNU_SOURCE -fno-finite-math-only -fPIC -DDS4_ROCM_BUILD -c -o ds4_kvstore.o ds4_kvstore.c
cc -O3 -ffast-math -g -march=native -Wall -Wextra -std=c99 -D_GNU_SOURCE -fno-finite-math-only -fPIC -DDS4_ROCM_BUILD -c -o rax.o rax.c
/opt/rocm-therock/bin/hipcc -O3 -ffast-math -g -fno-finite-math-only -pthread -D__HIP_PLATFORM_AMD__ -Wno-unused-command-line-argument --offload-arch=gfx1151 -o ds4-server ds4_server.o ds4_help.o ds4_kvstore.o rax.o ds4_gpu_args.o ds4.o ds4_distributed.o ds4_dist_v3.o ds4_transport.o ds4_transport_nhi.o ds4_tp.o ds4_tp_nhi.o ds4_ssd.o ds4_rocm.o ds4_rocm_compat.o ds4_rocm_unavailable.o ds4_layer_pack.o -lm -pthread -lhipblas -lhipblaslt
cc -O3 -ffast-math -g -march=native -Wall -Wextra -std=c99 -D_GNU_SOURCE -fno-finite-math-only -fPIC -DDS4_ROCM_BUILD -c -o ds4_bench.o ds4_bench.c
/opt/rocm-therock/bin/hipcc -O3 -ffast-math -g -fno-finite-math-only -pthread -D__HIP_PLATFORM_AMD__ -Wno-unused-command-line-argument --offload-arch=gfx1151 -o ds4-bench ds4_bench.o ds4_help.o ds4_gpu_args.o ds4.o ds4_distributed.o ds4_dist_v3.o ds4_transport.o ds4_transport_nhi.o ds4_tp.o ds4_tp_nhi.o ds4_ssd.o ds4_rocm.o ds4_rocm_compat.o ds4_rocm_unavailable.o ds4_layer_pack.o -lm -pthread -lhipblas -lhipblaslt
cc -O3 -ffast-math -g -march=native -Wall -Wextra -std=c99 -D_GNU_SOURCE -fno-finite-math-only -fPIC -DDS4_ROCM_BUILD -c -o ds4_eval.o ds4_eval.c
/opt/rocm-therock/bin/hipcc -O3 -ffast-math -g -fno-finite-math-only -pthread -D__HIP_PLATFORM_AMD__ -Wno-unused-command-line-argument --offload-arch=gfx1151 -o ds4-eval ds4_eval.o ds4_help.o ds4.o ds4_distributed.o ds4_dist_v3.o ds4_transport.o ds4_transport_nhi.o ds4_tp.o ds4_tp_nhi.o ds4_ssd.o ds4_rocm.o ds4_rocm_compat.o ds4_rocm_unavailable.o ds4_layer_pack.o -lm -pthread -lhipblas -lhipblaslt
cc -O3 -ffast-math -g -march=native -Wall -Wextra -std=c99 -D_GNU_SOURCE -fno-finite-math-only -fPIC -DDS4_ROCM_BUILD -c -o ds4_agent.o ds4_agent.c
cc -O3 -ffast-math -g -march=native -Wall -Wextra -std=c99 -D_GNU_SOURCE -fno-finite-math-only -fPIC -DDS4_ROCM_BUILD -c -o ds4_web.o ds4_web.c
/opt/rocm-therock/bin/hipcc -O3 -ffast-math -g -fno-finite-math-only -pthread -D__HIP_PLATFORM_AMD__ -Wno-unused-command-line-argument --offload-arch=gfx1151 -o ds4-agent ds4_agent.o ds4_help.o ds4_web.o ds4_kvstore.o linenoise.o ds4_gpu_args.o ds4.o ds4_distributed.o ds4_dist_v3.o ds4_transport.o ds4_transport_nhi.o ds4_tp.o ds4_tp_nhi.o ds4_ssd.o ds4_rocm.o ds4_rocm_compat.o ds4_rocm_unavailable.o ds4_layer_pack.o -lm -pthread -lhipblas -lhipblaslt
make[1]: Leaving directory '/home/jryates/ds4-stage3-build'
